::1 - - [23/May/2025 22:26:08] "GET / HTTP/1.1" 200 -
::1 - - [23/May/2025 22:26:49] "GET / HTTP/1.1" 200 -
::1 - - [23/May/2025 22:42:26] "GET / HTTP/1.1" 200 -
::1 - - [23/May/2025 22:48:43] "GET / HTTP/1.1" 200 -
::1 - - [23/May/2025 22:48:43] "GET / HTTP/1.1" 304 -
::1 - - [23/May/2025 23:04:06] "GET / HTTP/1.1" 200 -
::1 - - [23/May/2025 23:16:27] "GET / HTTP/1.1" 200 -
::1 - - [23/May/2025 23:24:03] "GET / HTTP/1.1" 200 -
::1 - - [23/May/2025 23:27:07] "GET / HTTP/1.1" 200 -
::1 - - [23/May/2025 23:27:07] "GET /modal-showcase.html HTTP/1.1" 200 -
::1 - - [23/May/2025 23:31:30] "HEAD / HTTP/1.1" 200 -
::1 - - [23/May/2025 23:32:58] "GET / HTTP/1.1" 200 -
::1 - - [23/May/2025 23:34:30] "GET /modal-showcase.html HTTP/1.1" 304 -
::1 - - [23/May/2025 23:34:46] "GET / HTTP/1.1" 200 -
::1 - - [23/May/2025 23:34:46] "GET /ui-system-test.html HTTP/1.1" 200 -
::1 - - [23/May/2025 23:34:46] "GET /button-test-example.html HTTP/1.1" 200 -
::1 - - [23/May/2025 23:34:46] "GET /modal-showcase.html HTTP/1.1" 200 -
::1 - - [23/May/2025 23:37:01] "GET / HTTP/1.1" 200 -
::1 - - [23/May/2025 23:37:01] "GET /modal-showcase.html HTTP/1.1" 200 -
::1 - - [23/May/2025 23:37:07] "GET /modal-showcase.html HTTP/1.1" 304 -
::1 - - [23/May/2025 23:37:09] "GET /modal-showcase.html HTTP/1.1" 304 -
::1 - - [25/May/2025 10:14:26] "GET /modal-showcase.html HTTP/1.1" 304 -
::1 - - [25/May/2025 10:18:02] "GET /README.md HTTP/1.1" 304 -
::1 - - [25/May/2025 10:18:03] "GET /design-specs.html HTTP/1.1" 304 -
::1 - - [25/May/2025 10:34:06] "GET /modal-showcase.html HTTP/1.1" 200 -
::1 - - [25/May/2025 10:34:07] "GET /modal-showcase.html HTTP/1.1" 304 -
::1 - - [25/May/2025 10:34:07] "GET /modal-showcase.html HTTP/1.1" 304 -
::1 - - [25/May/2025 10:34:07] "GET /modal-showcase.html HTTP/1.1" 304 -
::1 - - [25/May/2025 10:34:08] "GET /modal-showcase.html HTTP/1.1" 304 -
::1 - - [25/May/2025 10:34:08] "GET /modal-showcase.html HTTP/1.1" 304 -
::1 - - [25/May/2025 10:34:25] "GET / HTTP/1.1" 200 -
::1 - - [25/May/2025 10:34:25] "GET /modal-showcase.html HTTP/1.1" 304 -
::1 - - [25/May/2025 10:35:37] "GET /modal-showcase.html HTTP/1.1" 304 -
::1 - - [25/May/2025 10:36:35] "GET /modal-showcase.html HTTP/1.1" 304 -
